{smcl}
{txt}{sf}{ul off}{.-}
      name:  {res}<unnamed>
       {txt}log:  {res}/Volumes/SSD Hans 1/Github/Tax_Evasion_Productivity/Code/Stata/003-loop-1-5-25.smcl
  {txt}log type:  {res}smcl
 {txt}opened on:  {res} 1 May 2025, 17:42:17
{txt}
{com}. 
. scalar trim_cutoff=0.01
{txt}
{com}. 
. do 003-loop
{txt}
{com}. /* Estimating CD using GNR(2020). Intermediates are raw materials */
. 
. 
. // Renaming variables to use GNR_code_CD.do file
. 
. /************************************************************/
. /**  Rename variables using the instructions below.        **/ 
. /**  Pay attention to upper and lower case, as it          **/
. /**  matters for Stata.  Inputs, output, and the share of  **/
. /**  intermediate expenditures in total revenue should     **/
. /**  all be expressed in levels.  The code will create     **/
. /**  the log values.  Also note that input and output      **/
. /**  variables are real values, whereas the share is       **/
. /**  the nominal share.                                    **/
. /**                                                        **/
. /**  Firm ID: id                                           **/
. /**  Time series variable (e.g., year, month): time        **/
. /**  Real gross output: yg_level                           **/
. /**  Real labor: l_level                                   **/
. /**  Real capital: k_level                                 **/
. /**  Real intermediate inputs): i_level                    **/
. /**  Nominal Share of intermediates: si_level              **/ 
. /**                                                        **/             
. /**  Be sure to set the memory larger than what your       **/  
. /**  dataset requires, since this code generates new       **/  
. /**  variables.  Having too little memory will lead to     **/  
. /**  error messages.                                       **/ 
. /************************************************************/
. 
. 
. // ren rii i_level // intermediates = mats + serv + energy
. // ren si si_level // log share of intermediates = log(intermediates/go)
. 
. /* Loop through intermediates, mats + serv, and mats */
. // ren rmats i_level
. // ren mats_share si_level
. // ren mats_share_sales si_level
. // drop si
. // ren si_sales si_level
. 
. 
. 
. /* Setting up local variables */
. 
. 
. local inds 311 321 352 313 383 // 321 351 352
{txt}
{com}. local r_inter rii rms rmats rded_i rnded_i
{txt}
{com}. // local nom_inter ii ms mats
. local inter_shares log_share ms_share mats_share ded_i_share nded_i_share
{txt}
{com}. local inter_names m_s_e m_s m ded non_ded
{txt}
{com}. // local n : word count `inds'
. // local m : word count `r_inter'
. // local tot = `n'*`m'
. // matrix all_inds = J(`tot',7,0) // m,k,l,bigE,mean si_level, mean error, sd error
. 
. local mat_i 0
{txt}
{com}. 
. foreach ind of local inds {c -(}
{txt}  2{com}.         
. //      mat li all_inds
.         
.         cd "/Volumes/SSD Hans 1/Dropbox/Dropbox hmarti33/COLOMBIA"
{txt}  3{com}.         use gnr-colombia-stata-data if sic_3 == `ind', clear
{txt}  4{com}.         
.         ren plant id
{txt}  5{com}.         ren year time
{txt}  6{com}.         ren rgo yg_level
{txt}  7{com}.         ren l l_level
{txt}  8{com}.         ren rk k_level
{txt}  9{com}.         ren si log_share
{txt} 10{com}.         
. //      keep if sic_3 == `ind'
.         
.         
.         local wc 0
{txt} 11{com}.         
. //      cd "/Volumes/SSD Hans 1/Github/gnr/Code/GNR-ado"
. 
.         cd "/Volumes/SSD Hans 1/Github/Tax_Evasion_Productivity/Code/Stata"
{txt} 12{com}.         
. //      mat li all_inds
.         
.         foreach var of local r_inter  {c -(}
{txt} 13{com}.         
.                 local ++wc
{txt} 14{com}.                 local ++mat_i
{txt} 15{com}.                 local i_share : word `wc' of `inter_shares'
{txt} 16{com}.                 local name : word `wc' of `inter_names'
{txt} 17{com}.                 gen si_level = `i_share'
{txt} 18{com}.                 gen i_level = `var'
{txt} 19{com}.                 
.                 keep if si_level > trim_cutoff
{txt} 20{com}. //              mat li all_inds
.                 
. //              sum *level
.                 
. //              get mean si_level
.                 
.                 quietly do GNR_code_CD
{txt} 21{com}. 
. //              sum *elas mexp_eg
. //              get m,k,l, bigE, mean error, sd error
. 
.                 matrix R_mat`mat_i' = J(1,7,0) //  m,k,l,bigE,mean si_level, mean error, sd error
{txt} 22{com}. 
.                 sum ielas
{txt} 23{com}.                 mat R_mat`mat_i'[1,1] = r(mean)
{txt} 24{com}. 
.                 mat R_mat`mat_i'[1,2] = beta
{txt} 25{com}. 
.                 sum mexp_eg
{txt} 26{com}.                 mat R_mat`mat_i'[1,4] = r(mean)
{txt} 27{com}. 
.                 sum si_level
{txt} 28{com}.                 mat R_mat`mat_i'[1,5] = r(mean)
{txt} 29{com}. 
.                 sum eg 
{txt} 30{com}.                 matrix R_mat`mat_i'[1,6] = r(mean)
{txt} 31{com}.                 mat R_mat`mat_i'[1,7] = r(sd)
{txt} 32{com}.                 
. //              mat li R_mat`mat_i'
.                 
.                 matrix all_inds = (nullmat(all_inds)\ R_mat`mat_i')
{txt} 33{com}.                 
. //              mat li all_inds
.                 
.                 local row "`row' _`ind':`name'"
{txt} 34{com}.                 
.                 di "Rownames: `row'"
{txt} 35{com}.                 di "Intermediate: `wc' ; row: `mat_i'"
{txt} 36{com}.                 
.                 drop si_level-kelas
{txt} 37{com}.         {c )-}
{txt} 38{com}.         
. {c )-}
{res}/Volumes/SSD Hans 1/Dropbox/Dropbox hmarti33/COLOMBIA
{txt}(Columbia Industrial Survey 1977)
{res}/Volumes/SSD Hans 1/Github/Tax_Evasion_Productivity/Code/Stata
{txt}(5 missing values generated)
(132 missing values generated)
(1 observation deleted)

    Variable {c |}        Obs        Mean    Std. dev.       Min        Max
{hline 13}{c +}{hline 57}
{space 7}ielas {c |}{res}      6,186    .6270926           0   .6270926   .6270926

{txt}    Variable {c |}        Obs        Mean    Std. dev.       Min        Max
{hline 13}{c +}{hline 57}
{space 5}mexp_eg {c |}{res}     11,048    1.097826           0   1.097826   1.097826

{txt}    Variable {c |}        Obs        Mean    Std. dev.       Min        Max
{hline 13}{c +}{hline 57}
{space 4}si_level {c |}{res}     11,043     .717985    .3238695   .0102151   28.62363

{txt}    Variable {c |}        Obs        Mean    Std. dev.       Min        Max
{hline 13}{c +}{hline 57}
{space 10}eg {c |}{res}      6,186    7.97e-10    .3293033  -3.727562   4.205822
Rownames:  _311:m_s_e
Intermediate: 1 ; row: 1
{txt}(5 missing values generated)
(5 missing values generated)
(4 observations deleted)

    Variable {c |}        Obs        Mean    Std. dev.       Min        Max
{hline 13}{c +}{hline 57}
{space 7}ielas {c |}{res}      6,245    .5959348           0   .5959348   .5959348

{txt}    Variable {c |}        Obs        Mean    Std. dev.       Min        Max
{hline 13}{c +}{hline 57}
{space 5}mexp_eg {c |}{res}     11,044    1.111919           0   1.111919   1.111919

{txt}    Variable {c |}        Obs        Mean    Std. dev.       Min        Max
{hline 13}{c +}{hline 57}
{space 4}si_level {c |}{res}     11,039    .6966302    .3244543   .0177896   28.14945

{txt}    Variable {c |}        Obs        Mean    Std. dev.       Min        Max
{hline 13}{c +}{hline 57}
{space 10}eg {c |}{res}      6,245    1.94e-10    .3685521  -3.749064   3.617604
Rownames:  _311:m_s_e _311:m_s
Intermediate: 2 ; row: 2
{txt}(5 missing values generated)
(5 missing values generated)
(361 observations deleted)

    Variable {c |}        Obs        Mean    Std. dev.       Min        Max
{hline 13}{c +}{hline 57}
{space 7}ielas {c |}{res}      6,091     .475549           0    .475549    .475549

{txt}    Variable {c |}        Obs        Mean    Std. dev.       Min        Max
{hline 13}{c +}{hline 57}
{space 5}mexp_eg {c |}{res}     10,683    1.254293           0   1.254293   1.254293

{txt}    Variable {c |}        Obs        Mean    Std. dev.       Min        Max
{hline 13}{c +}{hline 57}
{space 4}si_level {c |}{res}     10,678    .6326955    .1803933    .010084   .9873613

{txt}    Variable {c |}        Obs        Mean    Std. dev.       Min        Max
{hline 13}{c +}{hline 57}
{space 10}eg {c |}{res}      6,091    1.74e-09     .438709  -.5039939   4.080094
Rownames:  _311:m_s_e _311:m_s _311:m
Intermediate: 3 ; row: 3
{txt}(5 missing values generated)
(127 missing values generated)
(0 observations deleted)

    Variable {c |}        Obs        Mean    Std. dev.       Min        Max
{hline 13}{c +}{hline 57}
{space 7}ielas {c |}{res}      6,029    .6018106           0   .6018106   .6018106

{txt}    Variable {c |}        Obs        Mean    Std. dev.       Min        Max
{hline 13}{c +}{hline 57}
{space 5}mexp_eg {c |}{res}     10,683    1.075308           0   1.075308   1.075308

{txt}    Variable {c |}        Obs        Mean    Std. dev.       Min        Max
{hline 13}{c +}{hline 57}
{space 4}si_level {c |}{res}     10,678    .6708062    .1682901   .0184582     .99534

{txt}    Variable {c |}        Obs        Mean    Std. dev.       Min        Max
{hline 13}{c +}{hline 57}
{space 10}eg {c |}{res}      6,029   -1.80e-11    .3211017  -.4305347   3.557043
Rownames:  _311:m_s_e _311:m_s _311:m _311:ded
Intermediate: 4 ; row: 4
{txt}(5 missing values generated)
(5 missing values generated)
(400 observations deleted)

    Variable {c |}        Obs        Mean    Std. dev.       Min        Max
{hline 13}{c +}{hline 57}
{space 7}ielas {c |}{res}      5,817    .0433756           0   .0433756   .0433756

{txt}    Variable {c |}        Obs        Mean    Std. dev.       Min        Max
{hline 13}{c +}{hline 57}
{space 5}mexp_eg {c |}{res}     10,283    1.307422           0   1.307422   1.307422

{txt}    Variable {c |}        Obs        Mean    Std. dev.       Min        Max
{hline 13}{c +}{hline 57}
{space 4}si_level {c |}{res}     10,278    .0777719    .0699376    .010006   3.037501

{txt}    Variable {c |}        Obs        Mean    Std. dev.       Min        Max
{hline 13}{c +}{hline 57}
{space 10}eg {c |}{res}      5,817   -1.33e-08    .7346278  -2.627235   1.729335
Rownames:  _311:m_s_e _311:m_s _311:m _311:ded _311:non_ded
Intermediate: 5 ; row: 5
/Volumes/SSD Hans 1/Dropbox/Dropbox hmarti33/COLOMBIA
{txt}(Columbia Industrial Survey 1977)
{res}/Volumes/SSD Hans 1/Github/Tax_Evasion_Productivity/Code/Stata
{txt}(3 missing values generated)
(130 missing values generated)
(1 observation deleted)

    Variable {c |}        Obs        Mean    Std. dev.       Min        Max
{hline 13}{c +}{hline 57}
{space 7}ielas {c |}{res}      2,857    .5183188           0   .5183188   .5183188

{txt}    Variable {c |}        Obs        Mean    Std. dev.       Min        Max
{hline 13}{c +}{hline 57}
{space 5}mexp_eg {c |}{res}      5,157    1.055705           0   1.055705   1.055705

{txt}    Variable {c |}        Obs        Mean    Std. dev.       Min        Max
{hline 13}{c +}{hline 57}
{space 4}si_level {c |}{res}      5,154    .5560288    .1759922   .0119859   2.745237

{txt}    Variable {c |}        Obs        Mean    Std. dev.       Min        Max
{hline 13}{c +}{hline 57}
{space 10}eg {c |}{res}      2,857   -1.64e-09    .2995849  -1.336714   1.790444
Rownames:  _311:m_s_e _311:m_s _311:m _311:ded _311:non_ded _321:m_s_e
Intermediate: 1 ; row: 6
{txt}(3 missing values generated)
(3 missing values generated)
(2 observations deleted)

    Variable {c |}        Obs        Mean    Std. dev.       Min        Max
{hline 13}{c +}{hline 57}
{space 7}ielas {c |}{res}      2,915    .4653062           0   .4653062   .4653062

{txt}    Variable {c |}        Obs        Mean    Std. dev.       Min        Max
{hline 13}{c +}{hline 57}
{space 5}mexp_eg {c |}{res}      5,155    1.110427           0   1.110427   1.110427

{txt}    Variable {c |}        Obs        Mean    Std. dev.       Min        Max
{hline 13}{c +}{hline 57}
{space 4}si_level {c |}{res}      5,152    .5337198    .1827919   .0102767   2.745237

{txt}    Variable {c |}        Obs        Mean    Std. dev.       Min        Max
{hline 13}{c +}{hline 57}
{space 10}eg {c |}{res}      2,915   -4.03e-09    .3703037   -1.23667   3.322642
Rownames:  _311:m_s_e _311:m_s _311:m _311:ded _311:non_ded _321:m_s_e _321:m_s
Intermediate: 2 ; row: 7
{txt}(3 missing values generated)
(3 missing values generated)
(109 observations deleted)

    Variable {c |}        Obs        Mean    Std. dev.       Min        Max
{hline 13}{c +}{hline 57}
{space 7}ielas {c |}{res}      2,884      .35208           0     .35208     .35208

{txt}    Variable {c |}        Obs        Mean    Std. dev.       Min        Max
{hline 13}{c +}{hline 57}
{space 5}mexp_eg {c |}{res}      5,046    1.197341           0   1.197341   1.197341

{txt}    Variable {c |}        Obs        Mean    Std. dev.       Min        Max
{hline 13}{c +}{hline 57}
{space 4}si_level {c |}{res}      5,043    .4518903    .1787051     .01056   .9644852

{txt}    Variable {c |}        Obs        Mean    Std. dev.       Min        Max
{hline 13}{c +}{hline 57}
{space 10}eg {c |}{res}      2,884   -1.85e-10     .476688  -.8033256   3.479073
Rownames:  _311:m_s_e _311:m_s _311:m _311:ded _311:non_ded _321:m_s_e _321:m_s _321:m
Intermediate: 3 ; row: 8
{txt}(3 missing values generated)
(109 missing values generated)
(0 observations deleted)

    Variable {c |}        Obs        Mean    Std. dev.       Min        Max
{hline 13}{c +}{hline 57}
{space 7}ielas {c |}{res}      2,833    .4286945           0   .4286945   .4286945

{txt}    Variable {c |}        Obs        Mean    Std. dev.       Min        Max
{hline 13}{c +}{hline 57}
{space 5}mexp_eg {c |}{res}      5,046    1.094552           0   1.094552   1.094552

{txt}    Variable {c |}        Obs        Mean    Std. dev.       Min        Max
{hline 13}{c +}{hline 57}
{space 4}si_level {c |}{res}      5,043    .4905375    .1628216   .0177903   .9753224

{txt}    Variable {c |}        Obs        Mean    Std. dev.       Min        Max
{hline 13}{c +}{hline 57}
{space 10}eg {c |}{res}      2,833   -1.86e-09    .3675737  -.7110254   2.792775
Rownames:  _311:m_s_e _311:m_s _311:m _311:ded _311:non_ded _321:m_s_e _321:m_s _321:m _321:ded
Intermediate: 4 ; row: 9
{txt}(3 missing values generated)
(3 missing values generated)
(54 observations deleted)

    Variable {c |}        Obs        Mean    Std. dev.       Min        Max
{hline 13}{c +}{hline 57}
{space 7}ielas {c |}{res}      2,864    .0598977           0   .0598977   .0598977

{txt}    Variable {c |}        Obs        Mean    Std. dev.       Min        Max
{hline 13}{c +}{hline 57}
{space 5}mexp_eg {c |}{res}      4,992    1.235776           0   1.235776   1.235776

{txt}    Variable {c |}        Obs        Mean    Std. dev.       Min        Max
{hline 13}{c +}{hline 57}
{space 4}si_level {c |}{res}      4,989    .0915872    .0803357   .0100462   2.416764

{txt}    Variable {c |}        Obs        Mean    Std. dev.       Min        Max
{hline 13}{c +}{hline 57}
{space 10}eg {c |}{res}      2,864   -1.94e-09    .6401269  -2.788088   1.979514
Rownames:  _311:m_s_e _311:m_s _311:m _311:ded _311:non_ded _321:m_s_e _321:m_s _321:m _321:ded _321:non_ded
Intermediate: 5 ; row: 10
/Volumes/SSD Hans 1/Dropbox/Dropbox hmarti33/COLOMBIA
{txt}(Columbia Industrial Survey 1977)
{res}/Volumes/SSD Hans 1/Github/Tax_Evasion_Productivity/Code/Stata
{txt}(26 missing values generated)
(0 observations deleted)

    Variable {c |}        Obs        Mean    Std. dev.       Min        Max
{hline 13}{c +}{hline 57}
{space 7}ielas {c |}{res}      2,244    .5749308           0   .5749308   .5749308

{txt}    Variable {c |}        Obs        Mean    Std. dev.       Min        Max
{hline 13}{c +}{hline 57}
{space 5}mexp_eg {c |}{res}      3,274    1.043659           0   1.043659   1.043659

{txt}    Variable {c |}        Obs        Mean    Std. dev.       Min        Max
{hline 13}{c +}{hline 57}
{space 4}si_level {c |}{res}      3,274    .6259056    .1577219   .0233029   2.417016

{txt}    Variable {c |}        Obs        Mean    Std. dev.       Min        Max
{hline 13}{c +}{hline 57}
{space 10}eg {c |}{res}      2,244    5.04e-11    .2718411  -1.184332   1.457678
Rownames:  _311:m_s_e _311:m_s _311:m _311:ded _311:non_ded _321:m_s_e _321:m_s _321:m _321:ded _321:non_ded _352:m_s_e
Intermediate: 1 ; row: 11
{txt}(0 observations deleted)

    Variable {c |}        Obs        Mean    Std. dev.       Min        Max
{hline 13}{c +}{hline 57}
{space 7}ielas {c |}{res}      2,250    .5649378           0   .5649378   .5649378

{txt}    Variable {c |}        Obs        Mean    Std. dev.       Min        Max
{hline 13}{c +}{hline 57}
{space 5}mexp_eg {c |}{res}      3,274    1.046478           0   1.046478   1.046478

{txt}    Variable {c |}        Obs        Mean    Std. dev.       Min        Max
{hline 13}{c +}{hline 57}
{space 4}si_level {c |}{res}      3,274    .6185533    .1591427    .021031   2.417016

{txt}    Variable {c |}        Obs        Mean    Std. dev.       Min        Max
{hline 13}{c +}{hline 57}
{space 10}eg {c |}{res}      2,250   -1.77e-10    .2802534  -1.193991   1.446806
Rownames:  _311:m_s_e _311:m_s _311:m _311:ded _311:non_ded _321:m_s_e _321:m_s _321:m _321:ded _321:non_ded _352:m_s_e _352:m_s
Intermediate: 2 ; row: 12
{txt}(20 observations deleted)

    Variable {c |}        Obs        Mean    Std. dev.       Min        Max
{hline 13}{c +}{hline 57}
{space 7}ielas {c |}{res}      2,248     .382199           0    .382199    .382199

{txt}    Variable {c |}        Obs        Mean    Std. dev.       Min        Max
{hline 13}{c +}{hline 57}
{space 5}mexp_eg {c |}{res}      3,254    1.111829           0   1.111829   1.111829

{txt}    Variable {c |}        Obs        Mean    Std. dev.       Min        Max
{hline 13}{c +}{hline 57}
{space 4}si_level {c |}{res}      3,254    .4678943    .1556792   .0252316   .8928857

{txt}    Variable {c |}        Obs        Mean    Std. dev.       Min        Max
{hline 13}{c +}{hline 57}
{space 10}eg {c |}{res}      2,248   -2.56e-09     .408919  -.7425107   2.823853
Rownames:  _311:m_s_e _311:m_s _311:m _311:ded _311:non_ded _321:m_s_e _321:m_s _321:m _321:ded _321:non_ded _352:m_s_e _352:m_s _352:m
Intermediate: 3 ; row: 13
{txt}(26 missing values generated)
(0 observations deleted)

    Variable {c |}        Obs        Mean    Std. dev.       Min        Max
{hline 13}{c +}{hline 57}
{space 7}ielas {c |}{res}      2,242    .4109151           0   .4109151   .4109151

{txt}    Variable {c |}        Obs        Mean    Std. dev.       Min        Max
{hline 13}{c +}{hline 57}
{space 5}mexp_eg {c |}{res}      3,254    1.088682           0   1.088682   1.088682

{txt}    Variable {c |}        Obs        Mean    Std. dev.       Min        Max
{hline 13}{c +}{hline 57}
{space 4}si_level {c |}{res}      3,254     .484981    .1530817   .0463111    .908612

{txt}    Variable {c |}        Obs        Mean    Std. dev.       Min        Max
{hline 13}{c +}{hline 57}
{space 10}eg {c |}{res}      2,242    1.99e-09     .375413   -.708564   2.267973
Rownames:  _311:m_s_e _311:m_s _311:m _311:ded _311:non_ded _321:m_s_e _321:m_s _321:m _321:ded _321:non_ded _352:m_s_e _352:m_s _352:m _352:ded
Intermediate: 4 ; row: 14
{txt}(26 observations deleted)

    Variable {c |}        Obs        Mean    Std. dev.       Min        Max
{hline 13}{c +}{hline 57}
{space 7}ielas {c |}{res}      2,243    .1003332           0   .1003332   .1003332

{txt}    Variable {c |}        Obs        Mean    Std. dev.       Min        Max
{hline 13}{c +}{hline 57}
{space 5}mexp_eg {c |}{res}      3,228    1.276028           0   1.276028   1.276028

{txt}    Variable {c |}        Obs        Mean    Std. dev.       Min        Max
{hline 13}{c +}{hline 57}
{space 4}si_level {c |}{res}      3,228    .1545462     .113583   .0104156   1.743163

{txt}    Variable {c |}        Obs        Mean    Std. dev.       Min        Max
{hline 13}{c +}{hline 57}
{space 10}eg {c |}{res}      2,243    2.97e-09    .6646244  -2.523842   2.483457
Rownames:  _311:m_s_e _311:m_s _311:m _311:ded _311:non_ded _321:m_s_e _321:m_s _321:m _321:ded _321:non_ded _352:m_s_e _352:m_s _352:m _352:ded _352:non_ded
Intermediate: 5 ; row: 15
/Volumes/SSD Hans 1/Dropbox/Dropbox hmarti33/COLOMBIA
{txt}(Columbia Industrial Survey 1977)
{res}/Volumes/SSD Hans 1/Github/Tax_Evasion_Productivity/Code/Stata
{txt}(18 missing values generated)
(0 observations deleted)

    Variable {c |}        Obs        Mean    Std. dev.       Min        Max
{hline 13}{c +}{hline 57}
{space 7}ielas {c |}{res}      1,117    .4324344           0   .4324344   .4324344

{txt}    Variable {c |}        Obs        Mean    Std. dev.       Min        Max
{hline 13}{c +}{hline 57}
{space 5}mexp_eg {c |}{res}      1,419    1.072079           0   1.072079   1.072079

{txt}    Variable {c |}        Obs        Mean    Std. dev.       Min        Max
{hline 13}{c +}{hline 57}
{space 4}si_level {c |}{res}      1,419    .5109559    .1609282   .0721392   1.237448

{txt}    Variable {c |}        Obs        Mean    Std. dev.       Min        Max
{hline 13}{c +}{hline 57}
{space 10}eg {c |}{res}      1,117   -1.65e-09    .3478783  -.9642075   1.860433
Rownames:  _311:m_s_e _311:m_s _311:m _311:ded _311:non_ded _321:m_s_e _321:m_s _321:m _321:ded _321:non_ded _352:m_s_e _352:m_s _352:m _352:ded _352:non_ded _313:m_s_e
Intermediate: 1 ; row: 16
{txt}(0 observations deleted)

    Variable {c |}        Obs        Mean    Std. dev.       Min        Max
{hline 13}{c +}{hline 57}
{space 7}ielas {c |}{res}      1,129    .4239592           0   .4239592   .4239592

{txt}    Variable {c |}        Obs        Mean    Std. dev.       Min        Max
{hline 13}{c +}{hline 57}
{space 5}mexp_eg {c |}{res}      1,419    1.073892           0   1.073892   1.073892

{txt}    Variable {c |}        Obs        Mean    Std. dev.       Min        Max
{hline 13}{c +}{hline 57}
{space 4}si_level {c |}{res}      1,419    .5018458    .1603272   .0710227   1.227245

{txt}    Variable {c |}        Obs        Mean    Std. dev.       Min        Max
{hline 13}{c +}{hline 57}
{space 10}eg {c |}{res}      1,129    2.55e-09    .3530314  -.9815751   1.857927
Rownames:  _311:m_s_e _311:m_s _311:m _311:ded _311:non_ded _321:m_s_e _321:m_s _321:m _321:ded _321:non_ded _352:m_s_e _352:m_s _352:m _352:ded _352:non_ded _313:m_s_e _313:m_s
Intermediate: 2 ; row: 17
{txt}(0 observations deleted)

    Variable {c |}        Obs        Mean    Std. dev.       Min        Max
{hline 13}{c +}{hline 57}
{space 7}ielas {c |}{res}      1,129    .2836069           0   .2836069   .2836069

{txt}    Variable {c |}        Obs        Mean    Std. dev.       Min        Max
{hline 13}{c +}{hline 57}
{space 5}mexp_eg {c |}{res}      1,419    1.095044           0   1.095044   1.095044

{txt}    Variable {c |}        Obs        Mean    Std. dev.       Min        Max
{hline 13}{c +}{hline 57}
{space 4}si_level {c |}{res}      1,419    .3511314    .1422032   .0542032   .8980092

{txt}    Variable {c |}        Obs        Mean    Std. dev.       Min        Max
{hline 13}{c +}{hline 57}
{space 10}eg {c |}{res}      1,129    5.64e-09    .4131282  -1.061797   1.745643
Rownames:  _311:m_s_e _311:m_s _311:m _311:ded _311:non_ded _321:m_s_e _321:m_s _321:m _321:ded _321:non_ded _352:m_s_e _352:m_s _352:m _352:ded _352:non_ded _313:m_s_e _313:m_s _313:m
Intermediate: 3 ; row: 18
{txt}(18 missing values generated)
(0 observations deleted)

    Variable {c |}        Obs        Mean    Std. dev.       Min        Max
{hline 13}{c +}{hline 57}
{space 7}ielas {c |}{res}      1,117    .3216044           0   .3216044   .3216044

{txt}    Variable {c |}        Obs        Mean    Std. dev.       Min        Max
{hline 13}{c +}{hline 57}
{space 5}mexp_eg {c |}{res}      1,419    1.076658           0   1.076658   1.076658

{txt}    Variable {c |}        Obs        Mean    Std. dev.       Min        Max
{hline 13}{c +}{hline 57}
{space 4}si_level {c |}{res}      1,419    .3858119    .1439589   .0564214   .9628298

{txt}    Variable {c |}        Obs        Mean    Std. dev.       Min        Max
{hline 13}{c +}{hline 57}
{space 10}eg {c |}{res}      1,117   -3.30e-10    .3726326  -.9927567   1.814335
Rownames:  _311:m_s_e _311:m_s _311:m _311:ded _311:non_ded _321:m_s_e _321:m_s _321:m _321:ded _321:non_ded _352:m_s_e _352:m_s _352:m _352:ded _352:non_ded _313:m_s_e _313:m_s _313:m _313:ded
Intermediate: 4 ; row: 19
{txt}(4 observations deleted)

    Variable {c |}        Obs        Mean    Std. dev.       Min        Max
{hline 13}{c +}{hline 57}
{space 7}ielas {c |}{res}      1,126    .0891142           0   .0891142   .0891142

{txt}    Variable {c |}        Obs        Mean    Std. dev.       Min        Max
{hline 13}{c +}{hline 57}
{space 5}mexp_eg {c |}{res}      1,415    1.315725           0   1.315725   1.315725

{txt}    Variable {c |}        Obs        Mean    Std. dev.       Min        Max
{hline 13}{c +}{hline 57}
{space 4}si_level {c |}{res}      1,415    .1511162     .103708   .0109022   .9450653

{txt}    Variable {c |}        Obs        Mean    Std. dev.       Min        Max
{hline 13}{c +}{hline 57}
{space 10}eg {c |}{res}      1,126    4.12e-09    .6928332  -1.729786   2.375344
Rownames:  _311:m_s_e _311:m_s _311:m _311:ded _311:non_ded _321:m_s_e _321:m_s _321:m _321:ded _321:non_ded _352:m_s_e _352:m_s _352:m _352:ded _352:non_ded _313:m_s_e _313:m_s _313:m _313:ded _313:non_ded
Intermediate: 5 ; row: 20
/Volumes/SSD Hans 1/Dropbox/Dropbox hmarti33/COLOMBIA
{txt}(Columbia Industrial Survey 1977)
{res}/Volumes/SSD Hans 1/Github/Tax_Evasion_Productivity/Code/Stata
{txt}(16 missing values generated)
(0 observations deleted)

    Variable {c |}        Obs        Mean    Std. dev.       Min        Max
{hline 13}{c +}{hline 57}
{space 7}ielas {c |}{res}      1,410    .5261139           0   .5261139   .5261139

{txt}    Variable {c |}        Obs        Mean    Std. dev.       Min        Max
{hline 13}{c +}{hline 57}
{space 5}mexp_eg {c |}{res}      2,174    1.044469           0   1.044469   1.044469

{txt}    Variable {c |}        Obs        Mean    Std. dev.       Min        Max
{hline 13}{c +}{hline 57}
{space 4}si_level {c |}{res}      2,174    .5882893    .1988395   .1195269      4.314

{txt}    Variable {c |}        Obs        Mean    Std. dev.       Min        Max
{hline 13}{c +}{hline 57}
{space 10}eg {c |}{res}      1,410   -3.13e-09    .2785904  -.8703169   1.525485
Rownames:  _311:m_s_e _311:m_s _311:m _311:ded _311:non_ded _321:m_s_e _321:m_s _321:m _321:ded _321:non_ded _352:m_s_e _352:m_s _352:m _352:ded _352:non_ded _313:m_s_e _313:m_s _313:m _313:ded _313:non_ded _383:m_s_e
Intermediate: 1 ; row: 21
{txt}(0 observations deleted)

    Variable {c |}        Obs        Mean    Std. dev.       Min        Max
{hline 13}{c +}{hline 57}
{space 7}ielas {c |}{res}      1,414    .5125125           0   .5125125   .5125125

{txt}    Variable {c |}        Obs        Mean    Std. dev.       Min        Max
{hline 13}{c +}{hline 57}
{space 5}mexp_eg {c |}{res}      2,174    1.047684           0   1.047684   1.047684

{txt}    Variable {c |}        Obs        Mean    Std. dev.       Min        Max
{hline 13}{c +}{hline 57}
{space 4}si_level {c |}{res}      2,174    .5767601    .1991178   .1133416   4.263829

{txt}    Variable {c |}        Obs        Mean    Std. dev.       Min        Max
{hline 13}{c +}{hline 57}
{space 10}eg {c |}{res}      1,414   -1.89e-09    .2880412  -.8908337   1.503164
Rownames:  _311:m_s_e _311:m_s _311:m _311:ded _311:non_ded _321:m_s_e _321:m_s _321:m _321:ded _321:non_ded _352:m_s_e _352:m_s _352:m _352:ded _352:non_ded _313:m_s_e _313:m_s _313:m _313:ded _313:non_ded _383:m_s_e _383:m_s
Intermediate: 2 ; row: 22
{txt}(0 observations deleted)

    Variable {c |}        Obs        Mean    Std. dev.       Min        Max
{hline 13}{c +}{hline 57}
{space 7}ielas {c |}{res}      1,414    .3641684           0   .3641684   .3641684

{txt}    Variable {c |}        Obs        Mean    Std. dev.       Min        Max
{hline 13}{c +}{hline 57}
{space 5}mexp_eg {c |}{res}      2,174    1.125271           0   1.125271   1.125271

{txt}    Variable {c |}        Obs        Mean    Std. dev.       Min        Max
{hline 13}{c +}{hline 57}
{space 4}si_level {c |}{res}      2,174    .4511051    .1602619   .0226066   .9370067

{txt}    Variable {c |}        Obs        Mean    Std. dev.       Min        Max
{hline 13}{c +}{hline 57}
{space 10}eg {c |}{res}      1,414    1.25e-09    .4247459  -.7668986   2.897398
Rownames:  _311:m_s_e _311:m_s _311:m _311:ded _311:non_ded _321:m_s_e _321:m_s _321:m _321:ded _321:non_ded _352:m_s_e _352:m_s _352:m _352:ded _352:non_ded _313:m_s_e _313:m_s _313:m _313:ded _313:non_ded _383:m_s_e _383:m_s _383:m
Intermediate: 3 ; row: 23
{txt}(16 missing values generated)
(0 observations deleted)

    Variable {c |}        Obs        Mean    Std. dev.       Min        Max
{hline 13}{c +}{hline 57}
{space 7}ielas {c |}{res}      1,410    .3931067           0   .3931067   .3931067

{txt}    Variable {c |}        Obs        Mean    Std. dev.       Min        Max
{hline 13}{c +}{hline 57}
{space 5}mexp_eg {c |}{res}      2,174    1.107845           0   1.107845   1.107845

{txt}    Variable {c |}        Obs        Mean    Std. dev.       Min        Max
{hline 13}{c +}{hline 57}
{space 4}si_level {c |}{res}      2,174    .4731538    .1581035   .0243674   .9533815

{txt}    Variable {c |}        Obs        Mean    Std. dev.       Min        Max
{hline 13}{c +}{hline 57}
{space 10}eg {c |}{res}      1,410   -6.71e-09    .3945297  -.7425052   2.883254
Rownames:  _311:m_s_e _311:m_s _311:m _311:ded _311:non_ded _321:m_s_e _321:m_s _321:m _321:ded _321:non_ded _352:m_s_e _352:m_s _352:m _352:ded _352:non_ded _313:m_s_e _313:m_s _313:m _313:ded _313:non_ded _383:m_s_e _383:m_s _383:m _383:ded
Intermediate: 4 ; row: 24
{txt}(7 observations deleted)

    Variable {c |}        Obs        Mean    Std. dev.       Min        Max
{hline 13}{c +}{hline 57}
{space 7}ielas {c |}{res}      1,412    .0842029           0   .0842029   .0842029

{txt}    Variable {c |}        Obs        Mean    Std. dev.       Min        Max
{hline 13}{c +}{hline 57}
{space 5}mexp_eg {c |}{res}      2,167    1.177341           0   1.177341   1.177341

{txt}    Variable {c |}        Obs        Mean    Std. dev.       Min        Max
{hline 13}{c +}{hline 57}
{space 4}si_level {c |}{res}      2,167     .126038    .1401252   .0113767   3.556323

{txt}    Variable {c |}        Obs        Mean    Std. dev.       Min        Max
{hline 13}{c +}{hline 57}
{space 10}eg {c |}{res}      1,412    6.53e-09    .5611242  -2.057123   2.113168
Rownames:  _311:m_s_e _311:m_s _311:m _311:ded _311:non_ded _321:m_s_e _321:m_s _321:m _321:ded _321:non_ded _352:m_s_e _352:m_s _352:m _352:ded _352:non_ded _313:m_s_e _313:m_s _313:m _313:ded _313:non_ded _383:m_s_e _383:m_s _383:m _383:ded _383:non_ded
Intermediate: 5 ; row: 25
{txt}
{com}. 
. matrix colnames all_inds = m l k bigE si_mean err_mean err_sd
{txt}
{com}. matrix rownames all_inds = `row'
{txt}
{com}. //
. // outtable using "../Products/stata-gnr-inter", mat(all_inds) replace format(%9.4f) center nobox caption("Production function estimates using GNR(2020) for a Cobb-Douglas functional form") 
. 
{txt}end of do-file

{com}. 
. outtable using "../../Paper/images/tables/stata-gnr-inter-ded-trim", mat(all_inds) replace format(%9.4f) center nobox caption("Production function estimates using GNR(2020) for a Cobb-Douglas functional form") 
{txt}{p 0 4 2}
(file {bf}
../../Paper/images/tables/stata-gnr-inter-ded-trim.tex{rm}
not found)
{p_end}

{com}. 
. 
. log close
      {txt}name:  {res}<unnamed>
       {txt}log:  {res}/Volumes/SSD Hans 1/Github/Tax_Evasion_Productivity/Code/Stata/003-loop-1-5-25.smcl
  {txt}log type:  {res}smcl
 {txt}closed on:  {res} 1 May 2025, 17:42:38
{txt}{.-}
{smcl}
{txt}{sf}{ul off}